seed: 7141 places with Wikidata IDs
P402: 3660
  overpass 150/3481: +20 (0 batches unavailable)
50 fetched (3628 queued)  ok 50  miss 0  0.0 min
100 fetched (3578 queued)  ok 100  miss 0  0.0 min
150 fetched (3528 queued)  ok 150  miss 0  0.0 min
200 fetched (3478 queued)  ok 200  miss 0  0.0 min
250 fetched (3428 queued)  ok 250  miss 0  0.0 min
300 fetched (3378 queued)  ok 300  miss 0  0.0 min
350 fetched (3328 queued)  ok 350  miss 0  0.1 min
400 fetched (3278 queued)  ok 400  miss 0  0.1 min
450 fetched (3228 queued)  ok 450  miss 0  0.1 min
500 fetched (3178 queued)  ok 500  miss 0  0.1 min
550 fetched (3128 queued)  ok 550  miss 0  0.1 min
600 fetched (3078 queued)  ok 599  miss 1  0.1 min
650 fetched (3028 queued)  ok 649  miss 1  0.1 min
700 fetched (2978 queued)  ok 699  miss 1  0.1 min
750 fetched (2928 queued)  ok 749  miss 1  0.1 min
800 fetched (2878 queued)  ok 799  miss 1  0.1 min
850 fetched (2828 queued)  ok 849  miss 1  0.1 min
900 fetched (2778 queued)  ok 898  miss 2  0.1 min
950 fetched (2728 queued)  ok 948  miss 2  0.1 min
1000 fetched (2678 queued)  ok 998  miss 2  0.1 min
1050 fetched (2628 queued)  ok 1048  miss 2  0.1 min
1100 fetched (2578 queued)  ok 1097  miss 3  0.1 min
1150 fetched (2528 queued)  ok 1145  miss 5  0.1 min
1200 fetched (2478 queued)  ok 1194  miss 6  0.1 min
1250 fetched (2428 queued)  ok 1244  miss 6  0.1 min
1300 fetched (2378 queued)  ok 1294  miss 6  0.1 min
1350 fetched (2328 queued)  ok 1344  miss 6  0.1 min
1400 fetched (2278 queued)  ok 1394  miss 6  0.1 min
1450 fetched (2228 queued)  ok 1443  miss 7  0.1 min
1500 fetched (2178 queued)  ok 1492  miss 8  0.1 min
1550 fetched (2128 queued)  ok 1541  miss 9  0.1 min
1600 fetched (2078 queued)  ok 1591  miss 9  0.1 min
1650 fetched (2028 queued)  ok 1640  miss 10  0.1 min
1700 fetched (1978 queued)  ok 1689  miss 11  0.2 min
1750 fetched (1928 queued)  ok 1739  miss 11  0.2 min
1800 fetched (1878 queued)  ok 1789  miss 11  0.2 min
1850 fetched (1828 queued)  ok 1839  miss 11  0.2 min
1900 fetched (1778 queued)  ok 1889  miss 11  0.2 min
1950 fetched (1728 queued)  ok 1939  miss 11  0.2 min
2000 fetched (1678 queued)  ok 1988  miss 12  0.2 min
2050 fetched (1628 queued)  ok 2038  miss 12  0.2 min
2100 fetched (1578 queued)  ok 2088  miss 12  0.2 min
2150 fetched (1528 queued)  ok 2138  miss 12  0.2 min
2200 fetched (1478 queued)  ok 2188  miss 12  0.2 min
2250 fetched (1428 queued)  ok 2238  miss 12  0.2 min
2300 fetched (1378 queued)  ok 2288  miss 12  0.2 min
2350 fetched (1328 queued)  ok 2338  miss 12  0.2 min
2400 fetched (1278 queued)  ok 2388  miss 12  0.2 min
2450 fetched (1228 queued)  ok 2438  miss 12  0.2 min
2500 fetched (1178 queued)  ok 2488  miss 12  0.2 min
2550 fetched (1128 queued)  ok 2537  miss 13  0.2 min
2600 fetched (1078 queued)  ok 2587  miss 13  0.2 min
2650 fetched (1028 queued)  ok 2637  miss 13  0.2 min
2700 fetched (978 queued)  ok 2687  miss 13  0.2 min
2750 fetched (928 queued)  ok 2737  miss 13  0.2 min
2800 fetched (878 queued)  ok 2787  miss 13  0.2 min
2850 fetched (828 queued)  ok 2837  miss 13  0.2 min
2900 fetched (778 queued)  ok 2887  miss 13  0.2 min
2950 fetched (728 queued)  ok 2937  miss 13  0.2 min
3000 fetched (678 queued)  ok 2987  miss 13  0.2 min
3050 fetched (628 queued)  ok 3037  miss 13  0.2 min
3100 fetched (578 queued)  ok 3086  miss 14  0.2 min
3150 fetched (528 queued)  ok 3136  miss 14  0.2 min
3200 fetched (478 queued)  ok 3186  miss 14  0.2 min
3250 fetched (428 queued)  ok 3236  miss 14  0.2 min
3300 fetched (378 queued)  ok 3286  miss 14  0.2 min
3350 fetched (328 queued)  ok 3336  miss 14  0.2 min
3400 fetched (278 queued)  ok 3386  miss 14  0.2 min
3450 fetched (228 queued)  ok 3435  miss 15  0.2 min
3500 fetched (178 queued)  ok 3485  miss 15  0.2 min
3550 fetched (128 queued)  ok 3535  miss 15  0.3 min
3600 fetched (78 queued)  ok 3585  miss 15  0.3 min
3650 fetched (28 queued)  ok 3635  miss 15  0.3 min
  overpass 300/3481: +48 (0 batches unavailable)
  overpass 450/3481: +73 (0 batches unavailable)
3700 fetched (33 queued)  ok 3685  miss 15  0.3 min
  overpass 600/3481: +91 (0 batches unavailable)
  overpass 750/3481: +141 (0 batches unavailable)
3750 fetched (51 queued)  ok 3734  miss 16  0.3 min
3800 fetched (1 queued)  ok 3784  miss 16  0.3 min
  overpass 900/3481: +178 (0 batches unavailable)
  overpass 1050/3481: +194 (0 batches unavailable)
3850 fetched (4 queued)  ok 3834  miss 16  0.4 min
  overpass 1200/3481: +214 (0 batches unavailable)
  overpass 1350/3481: +243 (0 batches unavailable)
3900 fetched (3 queued)  ok 3882  miss 18  0.4 min
  overpass 1500/3481: +261 (0 batches unavailable)
  overpass 1650/3481: +270 (0 batches unavailable)
  overpass 1800/3481: +307 (0 batches unavailable)
  overpass 1950/3481: +316 (0 batches unavailable)
3950 fetched (26 queued)  ok 3932  miss 18  0.5 min
  overpass 2100/3481: +332 (0 batches unavailable)
  overpass 2250/3481: +373 (0 batches unavailable)
  overpass 2400/3481: +390 (0 batches unavailable)
  overpass 2550/3481: +419 (0 batches unavailable)
  overpass 2700/3481: +450 (0 batches unavailable)
  overpass 2850/3481: +467 (0 batches unavailable)
4000 fetched (125 queued)  ok 3982  miss 18  0.6 min
4050 fetched (75 queued)  ok 4032  miss 18  0.6 min
4100 fetched (25 queued)  ok 4082  miss 18  0.6 min
  overpass 3000/3481: +500 (0 batches unavailable)
  overpass 3150/3481: +527 (0 batches unavailable)
4150 fetched (37 queued)  ok 4132  miss 18  0.6 min
  overpass 3300/3481: +562 (0 batches unavailable)
  overpass 3450/3481: +592 (0 batches unavailable)
4200 fetched (52 queued)  ok 4182  miss 18  0.7 min
4250 fetched (2 queued)  ok 4232  miss 18  0.7 min
  overpass 3481/3481: +598 (0 batches unavailable)
  nominatim fallback for 407 places ≥ 300,000
  nominatim: +269
4300 fetched (227 queued)  ok 4282  miss 18  0.7 min
4350 fetched (177 queued)  ok 4332  miss 18  0.7 min
4400 fetched (127 queued)  ok 4382  miss 18  0.7 min
4450 fetched (77 queued)  ok 4432  miss 18  0.7 min
4500 fetched (27 queued)  ok 4482  miss 18  0.8 min
done: 4509 cities, 2632 misses → data/cities-report.md
